// Jest Snapshot v1, https://goo.gl/fbAQLP

exports[`lib > Counter renders without crashing 1`] = `
<DocumentFragment>
  <div
    class="w-60 border border-slate-300 p-6 text-center"
  >
    <h2
      class="mb-3 text-2xl"
    >
      Counter
    </h2>
    <button
      class="mb-6 rounded-lg bg-teal-600 px-6 py-3 text-base text-white drop-shadow-md active:relative active:left-0.5 active:top-0.5 active:drop-shadow-none"
      type="button"
    >
      Increment by one
    </button>
    <div>
      Total value: 
      <strong>
        6
      </strong>
    </div>
  </div>
</DocumentFragment>
`;
